// Jest Snapshot v1, https://goo.gl/fbAQLP

exports[`Base64 #encode max size string (24kB) gas cost 1`] = `3731900`;
