// Jest Snapshot v1, https://goo.gl/fbAQLP

exports[`NonfungiblePositionManager #burn gas 1`] = `66054`;

exports[`NonfungiblePositionManager #collect gas transfers both 1`] = `139404`;

exports[`NonfungiblePositionManager #collect gas transfers token0 only 1`] = `130135`;

exports[`NonfungiblePositionManager #collect gas transfers token1 only 1`] = `130342`;

exports[`NonfungiblePositionManager #createAndInitializePoolIfNecessary gas 1`] = `720485`;

exports[`NonfungiblePositionManager #decreaseLiquidity gas complete decrease 1`] = `164595`;

exports[`NonfungiblePositionManager #decreaseLiquidity gas partial decrease 1`] = `178997`;

exports[`NonfungiblePositionManager #increaseLiquidity gas 1`] = `202803`;

exports[`NonfungiblePositionManager #mint gas first mint for pool 1`] = `646060`;

exports[`NonfungiblePositionManager #mint gas first mint for pool using eth with non-zero refund 1`] = `656396`;

exports[`NonfungiblePositionManager #mint gas first mint for pool using eth with zero refund 1`] = `649171`;

exports[`NonfungiblePositionManager #mint gas mint for same pool, different ticks 1`] = `478459`;

exports[`NonfungiblePositionManager #mint gas mint on same ticks 1`] = `371049`;

exports[`NonfungiblePositionManager #permit owned by eoa gas 1`] = `68764`;

exports[`NonfungiblePositionManager #permit owned by verifying contract gas 1`] = `72651`;

exports[`NonfungiblePositionManager #positions gas 1`] = `19974`;

exports[`NonfungiblePositionManager #transferFrom gas 1`] = `109774`;

exports[`NonfungiblePositionManager #transferFrom gas comes from approved 1`] = `108380`;

exports[`NonfungiblePositionManager bytecode size 1`] = `24335`;

exports[`NonfungiblePositionManager multicall exit gas 1`] = `247840`;
