// Jest Snapshot v1, https://goo.gl/fbAQLP

exports[`SwapRouter gas tests #exactInput 0 -> 1 -> 2 1`] = `209193`;

exports[`SwapRouter gas tests #exactInput 0 -> 1 1`] = `130655`;

exports[`SwapRouter gas tests #exactInput 0 -> 1 minimal 1`] = `111004`;

exports[`SwapRouter gas tests #exactInput 0 -> WETH9 1`] = `150744`;

exports[`SwapRouter gas tests #exactInput 2 trades (via router) 1`] = `225544`;

exports[`SwapRouter gas tests #exactInput 3 trades (directly to sender) 1`] = `309070`;

exports[`SwapRouter gas tests #exactInput WETH9 -> 0 1`] = `129034`;

exports[`SwapRouter gas tests #exactInputSingle 0 -> 1 1`] = `130108`;

exports[`SwapRouter gas tests #exactInputSingle 0 -> WETH9 1`] = `150191`;

exports[`SwapRouter gas tests #exactInputSingle WETH9 -> 0 1`] = `128487`;

exports[`SwapRouter gas tests #exactOutput 0 -> 1 -> 2 1`] = `205682`;

exports[`SwapRouter gas tests #exactOutput 0 -> 1 1`] = `134596`;

exports[`SwapRouter gas tests #exactOutput 0 -> WETH9 1`] = `151987`;

exports[`SwapRouter gas tests #exactOutput WETH9 -> 0 1`] = `142606`;

exports[`SwapRouter gas tests #exactOutputSingle 0 -> 1 1`] = `134866`;

exports[`SwapRouter gas tests #exactOutputSingle 0 -> WETH9 1`] = `152257`;

exports[`SwapRouter gas tests #exactOutputSingle WETH9 -> 0 1`] = `137460`;

exports[`SwapRouter gas tests 3 trades (directly to sender) 1`] = `216004`;
